SET halfvec.use_fp16_compute = true;
SELECT l2_distance('[0,0]'::halfvec, '[3,4]');
 l2_distance 
-------------
           5
(1 row)

SELECT l2_distance('[0,0]'::halfvec, '[0,1]');
 l2_distance 
-------------
           1
(1 row)

SELECT l2_distance('[1,2]'::halfvec, '[3]');
ERROR:  different halfvec dimensions 2 and 1
SELECT l2_distance('[1,1,1,1,1,1,1,1,1]'::halfvec, '[1,1,1,1,1,1,1,4,5]');
 l2_distance 
-------------
           5
(1 row)

SELECT '[0,0]'::halfvec <-> '[3,4]';
 ?column? 
----------
        5
(1 row)

SELECT inner_product('[1,2]'::halfvec, '[3,4]');
 inner_product 
---------------
            11
(1 row)

SELECT inner_product('[1,2]'::halfvec, '[3]');
ERROR:  different halfvec dimensions 2 and 1
SELECT inner_product('[1,1,1,1,1,1,1,1,1]'::halfvec, '[1,2,3,4,5,6,7,8,9]');
 inner_product 
---------------
            45
(1 row)

SELECT '[1,2]'::halfvec <#> '[3,4]';
 ?column? 
----------
      -11
(1 row)

SELECT cosine_distance('[1,2]'::halfvec, '[2,4]');
 cosine_distance 
-----------------
               0
(1 row)

SELECT cosine_distance('[1,2]'::halfvec, '[0,0]');
 cosine_distance 
-----------------
             NaN
(1 row)

SELECT cosine_distance('[1,1]'::halfvec, '[1,1]');
 cosine_distance 
-----------------
               0
(1 row)

SELECT cosine_distance('[1,0]'::halfvec, '[0,2]');
 cosine_distance 
-----------------
               1
(1 row)

SELECT cosine_distance('[1,1]'::halfvec, '[-1,-1]');
 cosine_distance 
-----------------
               2
(1 row)

SELECT cosine_distance('[1,2]'::halfvec, '[3]');
ERROR:  different halfvec dimensions 2 and 1
SELECT cosine_distance('[1,1]'::halfvec, '[1.1,1.1]');
 cosine_distance 
-----------------
               0
(1 row)

SELECT cosine_distance('[1,1]'::halfvec, '[-1.1,-1.1]');
 cosine_distance 
-----------------
               2
(1 row)

SELECT cosine_distance('[1,2,3,4,5,6,7,8,9]'::halfvec, '[1,2,3,4,5,6,7,8,9]');
 cosine_distance 
-----------------
               0
(1 row)

SELECT cosine_distance('[1,2,3,4,5,6,7,8,9]'::halfvec, '[-1,-2,-3,-4,-5,-6,-7,-8,-9]');
 cosine_distance 
-----------------
               2
(1 row)

SELECT '[1,2]'::halfvec <=> '[2,4]';
 ?column? 
----------
        0
(1 row)

SELECT l1_distance('[0,0]'::halfvec, '[3,4]');
 l1_distance 
-------------
           7
(1 row)

SELECT l1_distance('[0,0]'::halfvec, '[0,1]');
 l1_distance 
-------------
           1
(1 row)

SELECT l1_distance('[1,2]'::halfvec, '[3]');
ERROR:  different halfvec dimensions 2 and 1
SELECT l1_distance('[1,2,3,4,5,6,7,8,9]'::halfvec, '[1,2,3,4,5,6,7,8,9]');
 l1_distance 
-------------
           0
(1 row)

SELECT l1_distance('[1,2,3,4,5,6,7,8,9]'::halfvec, '[0,3,2,5,4,7,6,9,8]');
 l1_distance 
-------------
           9
(1 row)

SELECT '[0,0]'::halfvec <+> '[3,4]';
 ?column? 
----------
        7
(1 row)

